[2026-07-13 15:00:27] [Logger] Running log cleanup check. Retention limit: 30 days.
[2026-07-13 15:00:27] [Logger] Cleanup completed. No expired log files found.
[2026-07-13 15:00:27] [Logger] Automated log cleanup scheduler started (runs every 24 hours).
[2026-07-13 15:00:29] [CRON] stockRestoreCron started — restores reserve stock after 1 minutes.
[2026-07-13 15:00:36] [INFO] Email sent: <52795ed1-cf15-4998-552c-1483980502c0@gmail.com>
[2026-07-13 15:00:36] [DEBUG] Status update email sent to jayamproj@gmail.com (Status: delivered)
[2026-07-13 15:01:01] [INFO] Email sent: <a0d9039c-b7ef-358a-2f9a-f609252b6df0@gmail.com>
[2026-07-13 15:01:01] [DEBUG] Status update email sent to jayamproj@gmail.com (Status: shipped)
[2026-07-13 15:01:16] [INFO] Email sent: <f7b423c9-a793-141c-3184-e315f6fe4bce@gmail.com>
[2026-07-13 15:01:16] [DEBUG] Status update email sent to jayamproj@gmail.com (Status: delivered)
[2026-07-13 15:03:36] [INFO] Email sent: <5d5b61af-85df-3fac-9f9b-236115335471@gmail.com>
[2026-07-13 16:08:09] [DEBUG] Received updatePaymentStatus request: {"orderId":37,"status":"cancelled"}
[2026-07-13 16:08:09] [DEBUG] Order #37 found. Current status: "awaiting_payment". Target status: "cancelled"
[2026-07-13 16:08:09] [DEBUG] Cancelling Order #37 — restoring stock immediately from reserveStock...
[2026-07-13 16:08:09] [DEBUG] Immediately restored 1 units for Product #3 (reserveStock -> stock)
[2026-07-13 16:08:09] [DEBUG] Immediately restored 3 units for Product #5 (reserveStock -> stock)
[2026-07-13 16:08:09] [DEBUG] Immediately restored 1 units for Product #1 (reserveStock -> stock)
[2026-07-13 16:08:09] [DEBUG] Cancel stock-restore committed for Order #37
[2026-07-13 16:10:40] [DEBUG] Received updatePaymentStatus request: {"orderId":38,"status":"confirmed"}
[2026-07-13 16:10:40] [DEBUG] Order #38 found. Current status: "awaiting_payment". Target status: "confirmed"
[2026-07-13 16:10:40] [DEBUG] Order #38 marked as confirmed (payment success)
[2026-07-13 16:10:40] [DEBUG] Product #3 reserveStock -= 1 (permanent sale confirmed)
[2026-07-13 16:10:40] [DEBUG] Product #5 reserveStock -= 3 (permanent sale confirmed)
[2026-07-13 16:10:40] [DEBUG] Product #1 reserveStock -= 1 (permanent sale confirmed)
[2026-07-13 16:10:40] [DEBUG] Email Dispatch for Order #38:
[2026-07-13 16:10:40] [DEBUG] -> Customer: jayamproj@gmail.com
[2026-07-13 16:10:40] [DEBUG] -> Admin: jayamproj@gmail.com
[2026-07-13 16:10:42] [INFO] Compiling the template with handlebars
[2026-07-13 16:10:49] [INFO] Email sent: <8d2da557-34f1-0aa4-0171-a710bad7eb1d@gmail.com>
[2026-07-13 16:10:49] [DEBUG] Admin email sent successfully to jayamproj@gmail.com
[2026-07-13 16:11:05] [INFO] Email sent: <558896bd-eac9-731e-a6dd-7bc2ee4a258d@gmail.com>
[2026-07-13 16:11:05] [DEBUG] Confirmation+PDF Invoice email sent to jayamproj@gmail.com (INV-ORD-0038)
[2026-07-13 16:12:20] [DEBUG] Received updatePaymentStatus request: {"orderId":39,"status":"confirmed"}
[2026-07-13 16:12:20] [DEBUG] Order #39 found. Current status: "awaiting_payment". Target status: "confirmed"
[2026-07-13 16:12:20] [DEBUG] Order #39 marked as confirmed (payment success)
[2026-07-13 16:12:20] [DEBUG] Product #5 reserveStock -= 1 (permanent sale confirmed)
[2026-07-13 16:12:20] [DEBUG] Email Dispatch for Order #39:
[2026-07-13 16:12:20] [DEBUG] -> Customer: jayamproj@gmail.com
[2026-07-13 16:12:20] [DEBUG] -> Admin: jayamproj@gmail.com
[2026-07-13 16:12:21] [INFO] Compiling the template with handlebars
[2026-07-13 16:12:26] [INFO] Email sent: <ce45d3f2-c96d-3feb-a17e-ba587f2b3044@gmail.com>
[2026-07-13 16:12:26] [DEBUG] Admin email sent successfully to jayamproj@gmail.com
[2026-07-13 16:12:34] [INFO] Email sent: <1fe0d78d-a328-8035-48e0-b1ecc2d41b01@gmail.com>
[2026-07-13 16:12:34] [DEBUG] Confirmation+PDF Invoice email sent to jayamproj@gmail.com (INV-ORD-0039)
